null share per subject: mean 0.374, std 0.125, min 0.144, max 0.570
activity share among non-null: mean 0.0556, per-subject std (avg over classes) 0.0076, CV 0.14
stage2 OOF raw (0.799, 0.4) | after propagation (0.8065, 0.5)
     tau   lam      f1  null_w
11  0.45  1.00  0.8401     0.4
10  0.45  0.75  0.8389     0.4
7   0.40  1.00  0.8371     0.6
6   0.40  0.75  0.8362     0.5
3   0.35  1.00  0.8338     0.8
2   0.35  0.75  0.8336     0.8
9   0.45  0.50  0.8293     0.4
5   0.40  0.50  0.8278     0.5
per-class F1 after balancing: {0: np.float64(0.859), 1: np.float64(0.909), 2: np.float64(0.876), 3: np.float64(0.913), 4: np.float64(0.924), 5: np.float64(0.878), 6: np.float64(0.913), 7: np.float64(0.778), 8: np.float64(0.717), 9: np.float64(0.851), 10: np.float64(0.899), 11: np.float64(0.825), 12: np.float64(0.776), 13: np.float64(0.806), 14: np.float64(0.817), 15: np.float64(0.871), 16: np.float64(0.786), 17: np.float64(0.806), 18: np.float64(0.757)}
per-subject F1: {np.int64(0): 0.815, np.int64(1): 0.846, np.int64(2): 0.811, np.int64(3): 0.819, np.int64(4): 0.704, np.int64(5): 0.81, np.int64(6): 0.919, np.int64(7): 0.784, np.int64(8): 0.873, np.int64(9): 0.77, np.int64(10): 0.665, np.int64(11): 0.934, np.int64(12): 0.818, np.int64(13): 0.867, np.int64(14): 0.791, np.int64(15): 0.886, np.int64(16): 0.887, np.int64(17): 0.944, np.int64(18): 0.895, np.int64(19): 0.93, np.int64(20): 0.875, np.int64(21): 0.899}
test pred share per subject:
col_0     0      1      2      3      4      5      6      7      8      9      10     11     12     13     14     15     16     17     18
row_0                                                                                                                                     
22     0.563  0.020  0.023  0.023  0.020  0.021  0.025  0.017  0.027  0.026  0.028  0.023  0.018  0.018  0.027  0.029  0.038  0.022  0.033
23     0.407  0.032  0.030  0.030  0.033  0.033  0.035  0.032  0.033  0.033  0.035  0.034  0.040  0.027  0.033  0.035  0.032  0.035  0.032
24     0.279  0.040  0.035  0.035  0.048  0.039  0.043  0.038  0.025  0.043  0.045  0.029  0.047  0.043  0.045  0.048  0.043  0.043  0.035
25     0.284  0.047  0.043  0.040  0.044  0.041  0.030  0.016  0.034  0.040  0.044  0.054  0.036  0.046  0.041  0.048  0.024  0.046  0.041
best {'tau': 0.45, 'lam': 1.0, 'f1': 0.8401, 'null_w': 0.4}
