cpus 4 | prep dir /kaggle/input/notebooks/evelynyang02/wear-hasca-2026-prep
video feats (69326, 145) 35s explained var (mean/cen): 0.764 0.735
imu feats (69326, 102) 49s
fold 0: sbj [np.int64(5), np.int64(14), np.int64(17), np.int64(21)] iters 53 F1 0.5836 (65s)
fold 1: sbj [np.int64(0), np.int64(4), np.int64(9), np.int64(15)] iters 48 F1 0.5167 (61s)
fold 2: sbj [np.int64(3), np.int64(7), np.int64(11), np.int64(12), np.int64(19)] iters 48 F1 0.5734 (60s)
fold 3: sbj [np.int64(1), np.int64(8), np.int64(10), np.int64(16)] iters 52 F1 0.5581 (64s)
fold 4: sbj [np.int64(2), np.int64(6), np.int64(13), np.int64(18), np.int64(20)] iters 67 F1 0.6048 (71s)
OOF macro-F1: 0.5719
null x0.3: 0.6343
null x0.4: 0.6252
null x0.5: 0.6141
null x0.6: 0.6049
null x0.7: 0.5965
null x0.8: 0.5875
null x0.9: 0.5793
null x1.1: 0.5646
null x1.3: 0.5513
best null weight (0.3, 0.634327693062633)
per-class F1: {0: np.float64(0.76), 1: np.float64(0.798), 2: np.float64(0.713), 3: np.float64(0.742), 4: np.float64(0.779), 5: np.float64(0.753), 6: np.float64(0.521), 7: np.float64(0.503), 8: np.float64(0.375), 9: np.float64(0.745), 10: np.float64(0.802), 11: np.float64(0.549), 12: np.float64(0.496), 13: np.float64(0.572), 14: np.float64(0.616), 15: np.float64(0.624), 16: np.float64(0.53), 17: np.float64(0.688), 18: np.float64(0.485)}
per-location F1: {'left_arm': 0.6211, 'left_leg': 0.6403, 'right_arm': 0.6343, 'right_leg': 0.6385}
{0: 0.557, 1: 0.036, 2: 0.027, 3: 0.028, 4: 0.031, 5: 0.025, 6: 0.008, 7: 0.019, 8: 0.02, 9: 0.017, 10: 0.044, 11: 0.012, 12: 0.03, 13: 0.023, 14: 0.031, 15: 0.031, 16: 0.02, 17: 0.023, 18: 0.02}
