null share per subject: mean 0.374, std 0.125, min 0.144, max 0.570
activity share among non-null: mean 0.0556, per-subject std (avg over classes) 0.0076, CV 0.14
stage2 OOF raw (0.8256, 0.4) | after propagation (0.83, 0.4)
{'tau': None, 'lam': 0.75, 'rounds': 1, 'f1': 0.8552, 'null_w': 0.5}
{'tau': None, 'lam': 1.0, 'rounds': 1, 'f1': 0.8598, 'null_w': 0.5}
{'tau': None, 'lam': 1.5, 'rounds': 1, 'f1': 0.8509, 'null_w': 0.7}
{'tau': None, 'lam': 2.0, 'rounds': 1, 'f1': 0.8088, 'null_w': 1.0}
{'tau': 0.4, 'lam': 0.75, 'rounds': 1, 'f1': 0.846, 'null_w': 0.6}
{'tau': 0.4, 'lam': 1.0, 'rounds': 1, 'f1': 0.8428, 'null_w': 0.5}
{'tau': 0.4, 'lam': 1.5, 'rounds': 1, 'f1': 0.8104, 'null_w': 0.5}
{'tau': 0.4, 'lam': 2.0, 'rounds': 1, 'f1': 0.7236, 'null_w': 0.5}
{'tau': 0.45, 'lam': 0.75, 'rounds': 1, 'f1': 0.8482, 'null_w': 0.5}
{'tau': 0.45, 'lam': 1.0, 'rounds': 1, 'f1': 0.8455, 'null_w': 0.4}
{'tau': 0.45, 'lam': 1.5, 'rounds': 1, 'f1': 0.8147, 'null_w': 0.3}
{'tau': 0.45, 'lam': 2.0, 'rounds': 1, 'f1': 0.7182, 'null_w': 0.3}
{'tau': 0.5, 'lam': 0.75, 'rounds': 1, 'f1': 0.851, 'null_w': 0.3}
{'tau': 0.5, 'lam': 1.0, 'rounds': 1, 'f1': 0.8487, 'null_w': 0.3}
{'tau': 0.5, 'lam': 1.5, 'rounds': 1, 'f1': 0.8084, 'null_w': 0.3}
{'tau': 0.5, 'lam': 2.0, 'rounds': 1, 'f1': 0.6847, 'null_w': 0.3}
{'tau': 0.55, 'lam': 0.75, 'rounds': 1, 'f1': 0.8512, 'null_w': 0.3}
{'tau': 0.55, 'lam': 1.0, 'rounds': 1, 'f1': 0.8469, 'null_w': 0.3}
{'tau': 0.55, 'lam': 1.5, 'rounds': 1, 'f1': 0.7767, 'null_w': 0.3}
{'tau': 0.55, 'lam': 2.0, 'rounds': 1, 'f1': 0.6165, 'null_w': 0.3}
{'tau': nan, 'lam': 1.0, 'rounds': 2.0, 'f1': 0.8638, 'null_w': 0.6}
{'tau': nan, 'lam': 1.0, 'rounds': 3.0, 'f1': 0.8624, 'null_w': 0.6}
{'tau': nan, 'lam': 0.75, 'rounds': 2.0, 'f1': 0.862, 'null_w': 0.6}
{'tau': nan, 'lam': 0.75, 'rounds': 3.0, 'f1': 0.8621, 'null_w': 0.6}
     tau   lam  rounds      f1  null_w
0    NaN  1.00       2  0.8638     0.6
0    NaN  1.00       3  0.8624     0.6
0    NaN  0.75       3  0.8621     0.6
0    NaN  0.75       2  0.8620     0.6
1    NaN  1.00       1  0.8598     0.5
0    NaN  0.75       1  0.8552     0.5
16  0.55  0.75       1  0.8512     0.3
12  0.50  0.75       1  0.8510     0.3
per-class F1 after balancing: {0: np.float64(0.885), 1: np.float64(0.921), 2: np.float64(0.877), 3: np.float64(0.919), 4: np.float64(0.937), 5: np.float64(0.898), 6: np.float64(0.931), 7: np.float64(0.814), 8: np.float64(0.736), 9: np.float64(0.887), 10: np.float64(0.923), 11: np.float64(0.829), 12: np.float64(0.807), 13: np.float64(0.843), 14: np.float64(0.847), 15: np.float64(0.906), 16: np.float64(0.799), 17: np.float64(0.856), 18: np.float64(0.796)}
per-subject F1: {np.int64(0): 0.831, np.int64(1): 0.846, np.int64(2): 0.819, np.int64(3): 0.893, np.int64(4): 0.694, np.int64(5): 0.866, np.int64(6): 0.944, np.int64(7): 0.802, np.int64(8): 0.906, np.int64(9): 0.805, np.int64(10): 0.652, np.int64(11): 0.947, np.int64(12): 0.852, np.int64(13): 0.924, np.int64(14): 0.816, np.int64(15): 0.902, np.int64(16): 0.911, np.int64(17): 0.939, np.int64(18): 0.911, np.int64(19): 0.94, np.int64(20): 0.926, np.int64(21): 0.896}
test pred share per subject:
col_0     0      1      2      3      4      5      6      7      8      9      10     11     12     13     14     15     16     17     18
row_0                                                                                                                                     
22     0.707  0.018  0.018  0.016  0.016  0.015  0.014  0.009  0.011  0.012  0.022  0.023  0.014  0.018  0.024  0.023  0.007  0.016  0.018
23     0.402  0.033  0.029  0.031  0.034  0.033  0.035  0.031  0.033  0.034  0.032  0.037  0.041  0.031  0.033  0.035  0.030  0.035  0.032
24     0.198  0.043  0.038  0.036  0.052  0.041  0.044  0.041  0.045  0.050  0.056  0.051  0.038  0.043  0.047  0.050  0.044  0.044  0.041
25     0.182  0.054  0.044  0.043  0.048  0.043  0.046  0.018  0.054  0.046  0.048  0.054  0.037  0.050  0.050  0.049  0.042  0.046  0.044
best {'tau': nan, 'lam': 1.0, 'rounds': 2.0, 'f1': 0.8638, 'null_w': 0.6}
