null share per subject: mean 0.374, std 0.125, min 0.144, max 0.570
activity share among non-null: mean 0.0556, per-subject std (avg over classes) 0.0076, CV 0.14
stage2 OOF raw (0.799, 0.4) | after propagation (0.8065, 0.5)
{'tau': None, 'lam': 0.75, 'rounds': 1, 'f1': 0.8451, 'null_w': 0.4}
{'tau': None, 'lam': 1.0, 'rounds': 1, 'f1': 0.8527, 'null_w': 0.5}
{'tau': None, 'lam': 1.5, 'rounds': 1, 'f1': 0.8406, 'null_w': 0.7}
{'tau': None, 'lam': 2.0, 'rounds': 1, 'f1': 0.7602, 'null_w': 1.0}
{'tau': 0.4, 'lam': 0.75, 'rounds': 1, 'f1': 0.8362, 'null_w': 0.5}
{'tau': 0.4, 'lam': 1.0, 'rounds': 1, 'f1': 0.8371, 'null_w': 0.6}
{'tau': 0.4, 'lam': 1.5, 'rounds': 1, 'f1': 0.8032, 'null_w': 0.5}
{'tau': 0.4, 'lam': 2.0, 'rounds': 1, 'f1': 0.6851, 'null_w': 1.0}
{'tau': 0.45, 'lam': 0.75, 'rounds': 1, 'f1': 0.8389, 'null_w': 0.4}
{'tau': 0.45, 'lam': 1.0, 'rounds': 1, 'f1': 0.8401, 'null_w': 0.4}
{'tau': 0.45, 'lam': 1.5, 'rounds': 1, 'f1': 0.8054, 'null_w': 0.3}
{'tau': 0.45, 'lam': 2.0, 'rounds': 1, 'f1': 0.6698, 'null_w': 0.4}
{'tau': 0.5, 'lam': 0.75, 'rounds': 1, 'f1': 0.8404, 'null_w': 0.3}
{'tau': 0.5, 'lam': 1.0, 'rounds': 1, 'f1': 0.8425, 'null_w': 0.3}
{'tau': 0.5, 'lam': 1.5, 'rounds': 1, 'f1': 0.7993, 'null_w': 0.3}
{'tau': 0.5, 'lam': 2.0, 'rounds': 1, 'f1': 0.6464, 'null_w': 0.3}
{'tau': 0.55, 'lam': 0.75, 'rounds': 1, 'f1': 0.8409, 'null_w': 0.3}
{'tau': 0.55, 'lam': 1.0, 'rounds': 1, 'f1': 0.84, 'null_w': 0.3}
{'tau': 0.55, 'lam': 1.5, 'rounds': 1, 'f1': 0.769, 'null_w': 0.3}
{'tau': 0.55, 'lam': 2.0, 'rounds': 1, 'f1': 0.5954, 'null_w': 0.3}
{'tau': nan, 'lam': 1.0, 'rounds': 2.0, 'f1': 0.855, 'null_w': 0.5}
{'tau': nan, 'lam': 1.0, 'rounds': 3.0, 'f1': 0.8544, 'null_w': 0.5}
{'tau': nan, 'lam': 0.75, 'rounds': 2.0, 'f1': 0.853, 'null_w': 0.5}
{'tau': nan, 'lam': 0.75, 'rounds': 3.0, 'f1': 0.8541, 'null_w': 0.5}
     tau   lam  rounds      f1  null_w
0    NaN  1.00       2  0.8550     0.5
0    NaN  1.00       3  0.8544     0.5
0    NaN  0.75       3  0.8541     0.5
0    NaN  0.75       2  0.8530     0.5
1    NaN  1.00       1  0.8527     0.5
0    NaN  0.75       1  0.8451     0.4
13  0.50  1.00       1  0.8425     0.3
16  0.55  0.75       1  0.8409     0.3
per-class F1 after balancing: {0: np.float64(0.882), 1: np.float64(0.912), 2: np.float64(0.875), 3: np.float64(0.921), 4: np.float64(0.935), 5: np.float64(0.889), 6: np.float64(0.931), 7: np.float64(0.816), 8: np.float64(0.744), 9: np.float64(0.881), 10: np.float64(0.909), 11: np.float64(0.83), 12: np.float64(0.785), 13: np.float64(0.809), 14: np.float64(0.83), 15: np.float64(0.884), 16: np.float64(0.802), 17: np.float64(0.824), 18: np.float64(0.786)}
per-subject F1: {np.int64(0): 0.827, np.int64(1): 0.841, np.int64(2): 0.802, np.int64(3): 0.871, np.int64(4): 0.678, np.int64(5): 0.832, np.int64(6): 0.937, np.int64(7): 0.786, np.int64(8): 0.86, np.int64(9): 0.818, np.int64(10): 0.659, np.int64(11): 0.946, np.int64(12): 0.838, np.int64(13): 0.923, np.int64(14): 0.821, np.int64(15): 0.891, np.int64(16): 0.903, np.int64(17): 0.94, np.int64(18): 0.881, np.int64(19): 0.946, np.int64(20): 0.917, np.int64(21): 0.891}
test pred share per subject:
col_0     0      1      2      3      4      5      6      7      8      9      10     11     12     13     14     15     16     17     18
row_0                                                                                                                                     
22     0.693  0.018  0.018  0.017  0.016  0.016  0.019  0.009  0.015  0.004  0.022  0.023  0.015  0.018  0.025  0.025  0.008  0.016  0.022
23     0.402  0.033  0.029  0.031  0.033  0.033  0.035  0.032  0.034  0.034  0.035  0.036  0.042  0.023  0.033  0.035  0.032  0.035  0.033
24     0.203  0.043  0.037  0.036  0.052  0.041  0.044  0.043  0.038  0.051  0.057  0.029  0.060  0.043  0.048  0.049  0.044  0.044  0.040
25     0.189  0.055  0.044  0.042  0.049  0.044  0.041  0.017  0.048  0.046  0.048  0.057  0.036  0.054  0.053  0.047  0.040  0.046  0.044
best {'tau': nan, 'lam': 1.0, 'rounds': 2.0, 'f1': 0.855, 'null_w': 0.5}
