loaded (69326, 15, 768) (12234, 15, 768)
fold 0 ep 2 loss 1.066 F1 0.5957 (214s)
fold 0 ep 5 loss 0.945 F1 0.6082 (419s)
fold 0 ep 8 loss 0.868 F1 0.6066 (625s)
fold 0 ep 11 loss 0.813 F1 0.6053 (830s)
fold 0 ep 13 loss 0.797 F1 0.6036 (968s)
fold 1 ep 2 loss 1.057 F1 0.5730 (211s)
fold 1 ep 5 loss 0.937 F1 0.6089 (421s)
fold 1 ep 8 loss 0.868 F1 0.5829 (631s)
fold 1 ep 11 loss 0.812 F1 0.5902 (840s)
fold 1 ep 13 loss 0.794 F1 0.5980 (981s)
fold 2 ep 2 loss 1.070 F1 0.6429 (204s)
fold 2 ep 5 loss 0.945 F1 0.6462 (408s)
fold 2 ep 8 loss 0.869 F1 0.6505 (612s)
fold 2 ep 11 loss 0.812 F1 0.6415 (816s)
fold 2 ep 13 loss 0.795 F1 0.6457 (954s)
fold 3 ep 2 loss 1.068 F1 0.6273 (213s)
fold 3 ep 5 loss 0.941 F1 0.6244 (424s)
fold 3 ep 8 loss 0.867 F1 0.6285 (642s)
fold 3 ep 11 loss 0.807 F1 0.6216 (854s)
fold 3 ep 13 loss 0.792 F1 0.6193 (997s)
fold 4 ep 2 loss 1.081 F1 0.6783 (206s)
fold 4 ep 5 loss 0.951 F1 0.6672 (414s)
fold 4 ep 8 loss 0.873 F1 0.6575 (620s)
fold 4 ep 11 loss 0.813 F1 0.6507 (826s)
fold 4 ep 13 loss 0.799 F1 0.6561 (965s)
OOF macro-F1: 0.629
{0.2: 0.6487, 0.3: 0.6459, 0.4: 0.6433, 0.5: 0.6411, 0.6: 0.6385, 0.8: 0.6334, 1.0: 0.629}
test pred dist: [0.36423083 0.03351316 0.02975315 0.02754618 0.02975315 0.03563838
 0.01757397 0.03547491 0.03138794 0.02958967 0.05206801 0.00506784
 0.03784535 0.0277914  0.03433055 0.05623672 0.09293771 0.04691842
 0.01234265]
