sbj_0: T=2794 (7s)
sbj_0_2: T=2241 (6s)
sbj_1: T=2778 (7s)
sbj_2: T=3564 (9s)
sbj_3: T=4171 (11s)
sbj_4: T=3191 (8s)
sbj_5: T=2150 (5s)
sbj_6: T=2503 (7s)
sbj_7: T=2853 (8s)
sbj_8: T=2495 (7s)
sbj_9: T=2166 (9s)
sbj_10 NaN per column: {'left_arm_acc_x': 51392, 'left_arm_acc_y': 51392, 'left_arm_acc_z': 51392} longest NaN run: 51392
sbj_10: T=3985 (10s)
sbj_11: T=2222 (5s)
sbj_12: T=3270 (9s)
sbj_13: T=3978 (11s)
sbj_14: T=3201 (9s)
sbj_14_2: T=3355 (9s)
sbj_15: T=2603 (7s)
sbj_16: T=3510 (9s)
sbj_17: T=3091 (8s)
sbj_18: T=2632 (7s)
sbj_19: T=2109 (5s)
sbj_20: T=1908 (5s)
sbj_21: T=2556 (6s)
invalid (tile, sensor) pairs: 1028
(69326, 7) pure tiles: 0.98 | mode==center: 0.9996
{0: 27561, 1: 2503, 2: 2192, 3: 2275, 4: 2468, 5: 2153, 6: 2327, 7: 2441, 8: 2257, 9: 2300, 10: 2322, 11: 2166, 12: 2315, 13: 2393, 14: 2411, 15: 2333, 16: 2365, 17: 2435, 18: 2109}
test (12234, 50, 3) (12234, 15, 768) {22: 5197, 23: 3128, 24: 1995, 25: 1914}
train norm 12.21 frame-step [3.25 3.27 3.26 3.26 3.26]
test norm 12.52 frame-step [3.35 3.34 3.34 3.33 3.33]
          top1  mutual_rate  top1_if_mutual
method                                     
extrap  0.1049       0.1496          0.1836
last    0.2564       0.4270          0.4098
    sbj  method     n   top1  mutual_rate  top1_if_mutual
0     0    last  5035  0.224        0.430           0.348
1     0  extrap  5035  0.105        0.150           0.165
2     1    last  2778  0.235        0.404           0.388
3     1  extrap  2778  0.104        0.136           0.188
4     2    last  3564  0.216        0.412           0.342
5     2  extrap  3564  0.104        0.153           0.185
6     3    last  4171  0.281        0.433           0.439
7     3  extrap  4171  0.115        0.135           0.194
8     4    last  3191  0.244        0.403           0.408
9     4  extrap  3191  0.075        0.119           0.113
10    5    last  2150  0.246        0.418           0.398
11    5  extrap  2150  0.091        0.141           0.141
12    6    last  2503  0.289        0.423           0.452
13    6  extrap  2503  0.114        0.155           0.229
14    7    last  2853  0.239        0.423           0.374
15    7  extrap  2853  0.099        0.155           0.149
16    8    last  2495  0.232        0.452           0.356
17    8  extrap  2495  0.114        0.187           0.217
18    9    last  2166  0.233        0.417           0.382
19    9  extrap  2166  0.103        0.145           0.190
20   10    last  3985  0.251        0.423           0.417
21   10  extrap  3985  0.120        0.164           0.228
22   11    last  2222  0.233        0.420           0.371
23   11  extrap  2222  0.093        0.157           0.161
24   12    last  3270  0.274        0.431           0.441
25   12  extrap  3270  0.107        0.168           0.170
26   13    last  3978  0.322        0.457           0.506
27   13  extrap  3978  0.128        0.174           0.222
28   14    last  6556  0.305        0.445           0.485
29   14  extrap  6556  0.120        0.154           0.225
30   15    last  2603  0.244        0.449           0.355
31   15  extrap  2603  0.096        0.151           0.161
32   16    last  3510  0.248        0.425           0.414
33   16  extrap  3510  0.087        0.157           0.149
34   17    last  3091  0.245        0.430           0.391
35   17  extrap  3091  0.118        0.164           0.207
36   18    last  2632  0.301        0.449           0.480
37   18  extrap  2632  0.116        0.146           0.243
38   19    last  2109  0.259        0.416           0.429
39   19  extrap  2109  0.113        0.130           0.215
40   20    last  1908  0.199        0.397           0.314
41   20  extrap  1908  0.083        0.131           0.088
42   21    last  2556  0.321        0.435           0.527
43   21  extrap  2556  0.103        0.120           0.196
test sbj 22 n 5197 mutual_rate 0.1245 median top1-top2 margin 0.0119
test sbj 23 n 3128 mutual_rate 0.1308 median top1-top2 margin 0.0117
test sbj 24 n 1995 mutual_rate 0.1248 median top1-top2 margin 0.0121
test sbj 25 n 1914 mutual_rate 0.1834 median top1-top2 margin 0.0152
