loaded (69326, 15, 768) (12234, 15, 768)
fold 0 ep 2 loss 1.020 F1 0.6062 (132s)
fold 0 ep 5 loss 0.870 F1 0.6155 (257s)
fold 0 ep 2 loss 1.021 F1 0.6354 (125s)
fold 0 ep 5 loss 0.871 F1 0.6202 (251s)
fold 1 ep 2 loss 1.008 F1 0.5920 (132s)
fold 1 ep 5 loss 0.863 F1 0.6009 (261s)
fold 1 ep 2 loss 1.019 F1 0.5678 (128s)
fold 1 ep 5 loss 0.866 F1 0.5994 (257s)
fold 2 ep 2 loss 1.022 F1 0.6603 (125s)
fold 2 ep 5 loss 0.865 F1 0.6573 (250s)
fold 2 ep 2 loss 1.028 F1 0.6742 (125s)
fold 2 ep 5 loss 0.868 F1 0.6621 (250s)
fold 3 ep 2 loss 1.017 F1 0.6069 (130s)
fold 3 ep 5 loss 0.863 F1 0.6445 (260s)
fold 3 ep 2 loss 1.016 F1 0.6090 (130s)
fold 3 ep 5 loss 0.863 F1 0.6349 (259s)
fold 4 ep 2 loss 1.029 F1 0.6435 (126s)
fold 4 ep 5 loss 0.871 F1 0.6696 (253s)
fold 4 ep 2 loss 1.023 F1 0.6744 (126s)
fold 4 ep 5 loss 0.871 F1 0.6649 (252s)
OOF macro-F1: 0.6491
{0.2: 0.6691, 0.3: 0.6674, 0.4: 0.6659, 0.5: 0.6633, 0.6: 0.6608, 0.8: 0.6552, 1.0: 0.6491}
test pred dist: [0.35344123 0.03482099 0.02901749 0.02721923 0.02893575 0.03155141
 0.01961746 0.03915318 0.03621056 0.02934445 0.05010626 0.00833742
 0.03482099 0.0331862  0.03261403 0.05983325 0.09138467 0.04462972
 0.01577571]
